Plik D:/Nowy folder (2)\no parameter\251-151-5060-010.pdf juz istnieje
 2023-03-12 08:43:42.029999
